** Drc report for 1STM.kicad_pcb **
** Created on 2026-09-02T22:28:54 **
** Report includes: Errors, Warnings **

** Found 5 DRC violations **
[hole_clearance]: Naruszenie prześwitu otworów (ograniczenia w konfiguracji płytki dla otworów prześwit 0,2000 mm; obecnie 0,1944 mm)
    Rule: ograniczenia w konfiguracji płytki dla otworów; error
    @(161.2000 mm, 119.0500 mm): Pad A1 [GND] of J1 on F.Cu
    @(162.2750 mm, 118.7400 mm): NPTH pad of J1
[hole_clearance]: Naruszenie prześwitu otworów (ograniczenia w konfiguracji płytki dla otworów prześwit 0,2000 mm; obecnie 0,1944 mm)
    Rule: ograniczenia w konfiguracji płytki dla otworów; error
    @(161.2000 mm, 119.0500 mm): Pad B12 [GND] of J1 on F.Cu
    @(162.2750 mm, 118.7400 mm): NPTH pad of J1
[hole_clearance]: Naruszenie prześwitu otworów (ograniczenia w konfiguracji płytki dla otworów prześwit 0,2000 mm; obecnie 0,1944 mm)
    Rule: ograniczenia w konfiguracji płytki dla otworów; error
    @(161.2000 mm, 112.6500 mm): Pad A12 [GND] of J1 on F.Cu
    @(162.2750 mm, 112.9600 mm): NPTH pad of J1
[hole_clearance]: Naruszenie prześwitu otworów (ograniczenia w konfiguracji płytki dla otworów prześwit 0,2000 mm; obecnie 0,1944 mm)
    Rule: ograniczenia w konfiguracji płytki dla otworów; error
    @(161.2000 mm, 112.6500 mm): Pad B1 [GND] of J1 on F.Cu
    @(162.2750 mm, 112.9600 mm): NPTH pad of J1
[invalid_outline]: Płytka ma zniekształcony obrys (nie znaleziono krawędzi na warstwie Edge.Cuts)
    Local override; error
    @(0.0000 mm, 0.0000 mm): PCB

** Found 45 unconnected pads **
[unconnected_items]: Missing connection between items
    Local override; error
    @(124.7500 mm, 107.2500 mm): PTH pad 2 [GND] of SW1
    @(121.1000 mm, 108.9000 mm): Pad 1 [GND] of C8 on F.Cu
[unconnected_items]: Missing connection between items
    Local override; error
    @(124.7500 mm, 107.2500 mm): PTH pad 2 [GND] of SW1
    @(131.2500 mm, 107.2500 mm): PTH pad 2 [GND] of SW1
[unconnected_items]: Missing connection between items
    Local override; error
    @(131.2500 mm, 107.2500 mm): PTH pad 2 [GND] of SW1
    @(135.2000 mm, 114.3000 mm): Track [GND] on F.Cu, length 1.9000 mm
[unconnected_items]: Missing connection between items
    Local override; error
    @(135.2000 mm, 114.3000 mm): Track [GND] on F.Cu, length 1.9000 mm
    @(123.6900 mm, 126.6250 mm): Pad 2 [GND] of R8 on F.Cu
[unconnected_items]: Missing connection between items
    Local override; error
    @(140.3200 mm, 102.8500 mm): PTH pad 3 [GND] of J2
    @(144.1500 mm, 110.8500 mm): Track [GND] on F.Cu, length 0.7778 mm
[unconnected_items]: Missing connection between items
    Local override; error
    @(141.0000 mm, 117.0500 mm): Track [GND] on F.Cu, length 0.7071 mm
    @(135.2000 mm, 114.3000 mm): Track [GND] on F.Cu, length 1.9000 mm
[unconnected_items]: Missing connection between items
    Local override; error
    @(142.9625 mm, 117.0500 mm): Track [GND] on F.Cu, length 1.9625 mm
    @(146.4000 mm, 116.3000 mm): Pad 49 [GND] of U1 on F.Cu
[unconnected_items]: Missing connection between items
    Local override; error
    @(146.0000 mm, 124.2000 mm): Pad 1 [GND] of C1 on F.Cu
    @(148.2000 mm, 122.3000 mm): Track [GND] on F.Cu, length 0.6364 mm
[unconnected_items]: Missing connection between items
    Local override; error
    @(146.4000 mm, 116.3000 mm): Pad 49 [GND] of U1 on F.Cu
    @(148.6500 mm, 121.8500 mm): Track [GND] on F.Cu, length 2.1125 mm
[unconnected_items]: Missing connection between items
    Local override; error
    @(146.4000 mm, 116.3000 mm): Pad 49 [GND] of U1 on F.Cu
    @(144.1500 mm, 112.8625 mm): Track [GND] on F.Cu, length 2.0125 mm
[unconnected_items]: Missing connection between items
    Local override; error
    @(147.1000 mm, 108.4750 mm): Pad 1 [GND] of R4 on F.Cu
    @(144.1500 mm, 110.8500 mm): Track [GND] on F.Cu, length 0.7778 mm
[unconnected_items]: Missing connection between items
    Local override; error
    @(149.8375 mm, 114.0500 mm): Track [GND] on F.Cu, length 2.0625 mm
    @(146.4000 mm, 116.3000 mm): Pad 49 [GND] of U1 on F.Cu
[unconnected_items]: Missing connection between items
    Local override; error
    @(151.9000 mm, 114.0500 mm): Track [GND] on F.Cu, length 0.7071 mm
    @(156.8500 mm, 119.0500 mm): Track [GND] on F.Cu, length 0.2121 mm
[unconnected_items]: Missing connection between items
    Local override; error
    @(156.7000 mm, 112.4000 mm): Pad 2 [GND] of R1 on F.Cu
    @(151.9000 mm, 114.0500 mm): Track [GND] on F.Cu, length 0.7071 mm
[unconnected_items]: Missing connection between items
    Local override; error
    @(158.3000 mm, 125.4500 mm): Pad 1 [GND] of C7 on F.Cu
    @(163.2000 mm, 125.5500 mm): Track [GND] on F.Cu, length 1.9625 mm
[unconnected_items]: Missing connection between items
    Local override; error
    @(160.7000 mm, 103.0000 mm): PTH pad 2 [GND] of SW2
    @(167.2000 mm, 103.0000 mm): PTH pad 2 [GND] of SW2
[unconnected_items]: Missing connection between items
    Local override; error
    @(161.7750 mm, 111.5300 mm): PTH pad SH [GND] of J1
    @(161.2000 mm, 112.6500 mm): Track [GND] on F.Cu, length 4.0500 mm
[unconnected_items]: Missing connection between items
    Local override; error
    @(161.7750 mm, 111.5300 mm): PTH pad SH [GND] of J1
    @(165.9550 mm, 111.5300 mm): PTH pad SH [GND] of J1
[unconnected_items]: Missing connection between items
    Local override; error
    @(161.7750 mm, 111.5300 mm): PTH pad SH [GND] of J1
    @(160.7000 mm, 103.0000 mm): PTH pad 2 [GND] of SW2
[unconnected_items]: Missing connection between items
    Local override; error
    @(165.9550 mm, 120.1700 mm): PTH pad SH [GND] of J1
    @(161.2000 mm, 119.5950 mm): Track [GND] on F.Cu, length 0.8132 mm
[unconnected_items]: Missing connection between items
    Local override; error
    @(165.9550 mm, 120.1700 mm): PTH pad SH [GND] of J1
    @(165.1625 mm, 125.5500 mm): Track [GND] on F.Cu, length 0.7071 mm
[unconnected_items]: Missing connection between items
    Local override; error
    @(147.6500 mm, 119.7375 mm): Pad 21 [/I2S2_CK] of U1 on F.Cu
    @(150.6600 mm, 131.2000 mm): PTH pad 1 [/I2S2_CK] of J4
[unconnected_items]: Missing connection between items
    Local override; error
    @(144.6500 mm, 112.8625 mm): Pad 46 [/I2S2_WS] of U1 on F.Cu
    @(153.2000 mm, 131.2000 mm): PTH pad 2 [/I2S2_WS] of J4
[unconnected_items]: Missing connection between items
    Local override; error
    @(149.8375 mm, 117.5500 mm): Pad 28 [/I2S2_SD] of U1 on F.Cu
    @(155.7400 mm, 131.2000 mm): PTH pad 3 [/I2S2_SD] of J4
[unconnected_items]: Missing connection between items
    Local override; error
    @(144.6500 mm, 119.7375 mm): Pad 15 [/SPI1_SCK] of U1 on F.Cu
    @(145.4000 mm, 131.4000 mm): PTH pad 1 [/SPI1_SCK] of J3
[unconnected_items]: Missing connection between items
    Local override; error
    @(142.8600 mm, 131.4000 mm): PTH pad 2 [SPI1_MOSI] of J3
    @(145.6500 mm, 119.7375 mm): Pad 17 [SPI1_MOSI] of U1 on F.Cu
[unconnected_items]: Missing connection between items
    Local override; error
    @(140.3200 mm, 131.4000 mm): PTH pad 3 [SPI1_MISO] of J3
    @(145.1500 mm, 119.7375 mm): Pad 16 [SPI1_MISO] of U1 on F.Cu
[unconnected_items]: Missing connection between items
    Local override; error
    @(137.7800 mm, 131.4000 mm): PTH pad 4 [/SPI1_NSS] of J3
    @(144.1500 mm, 119.7375 mm): Pad 14 [/SPI1_NSS] of U1 on F.Cu
[unconnected_items]: Missing connection between items
    Local override; error
    @(124.7500 mm, 102.7500 mm): PTH pad 1 [NRST] of SW1
    @(121.1000 mm, 107.3500 mm): Pad 2 [NRST] of C8 on F.Cu
[unconnected_items]: Missing connection between items
    Local override; error
    @(131.3500 mm, 102.8500 mm): Track [NRST] on F.Cu, length 0.1414 mm
    @(124.7500 mm, 102.7500 mm): PTH pad 1 [NRST] of SW1
[unconnected_items]: Missing connection between items
    Local override; error
    @(142.9625 mm, 116.5500 mm): Pad 7 [NRST] of U1 on F.Cu
    @(135.2700 mm, 102.8500 mm): Track [NRST] on F.Cu, length 7.3800 mm
[unconnected_items]: Missing connection between items
    Local override; error
    @(119.8900 mm, 126.5250 mm): Pad 2 [USR_LED] of R9 on F.Cu
    @(149.8375 mm, 117.0500 mm): Pad 29 [USR_LED] of U1 on F.Cu
[unconnected_items]: Missing connection between items
    Local override; error
    @(120.1250 mm, 119.3250 mm): Track [+3.3V] on F.Cu, length 3.5650 mm
    @(137.0250 mm, 110.3000 mm): Track [+3.3V] on F.Cu, length 6.1250 mm
[unconnected_items]: Missing connection between items
    Local override; error
    @(142.9625 mm, 113.5500 mm): Track [+3.3V] on F.Cu, length 0.9723 mm
    @(142.9625 mm, 117.5500 mm): Track [+3.3V] on F.Cu, length 1.9125 mm
[unconnected_items]: Missing connection between items
    Local override; error
    @(145.4000 mm, 102.8500 mm): PTH pad 1 [+3.3V] of J2
    @(143.7000 mm, 110.8000 mm): Track [+3.3V] on F.Cu, length 0.7071 mm
[unconnected_items]: Missing connection between items
    Local override; error
    @(149.8375 mm, 113.5500 mm): Track [+3.3V] on F.Cu, length 2.0125 mm
    @(143.6500 mm, 112.8625 mm): Track [+3.3V] on F.Cu, length 0.0707 mm
[unconnected_items]: Missing connection between items
    Local override; error
    @(149.8375 mm, 113.5500 mm): Track [+3.3V] on F.Cu, length 2.0125 mm
    @(149.1500 mm, 121.9500 mm): Track [+3.3V] on F.Cu, length 2.2125 mm
[unconnected_items]: Missing connection between items
    Local override; error
    @(158.8000 mm, 126.5000 mm): Track [+3.3V] on F.Cu, length 0.7071 mm
    @(149.7500 mm, 122.3000 mm): Track [+3.3V] on F.Cu, length 0.2500 mm
[unconnected_items]: Missing connection between items
    Local override; error
    @(129.3600 mm, 131.6000 mm): PTH pad 1 [/GPIO (IRQ)] of J6
    @(142.9625 mm, 114.0500 mm): Pad 2 [/GPIO (IRQ)] of U1 on F.Cu
[unconnected_items]: Missing connection between items
    Local override; error
    @(131.9000 mm, 131.6000 mm): PTH pad 2 [/GPIO (CE)] of J6
    @(142.9625 mm, 114.5500 mm): Pad 3 [/GPIO (CE)] of U1 on F.Cu
[unconnected_items]: Missing connection between items
    Local override; error
    @(149.8375 mm, 116.5500 mm): Pad 30 [USR_SW] of U1 on F.Cu
    @(155.1750 mm, 109.7000 mm): Pad 1 [USR_SW] of R7 on F.Cu
[unconnected_items]: Missing connection between items
    Local override; error
    @(161.2000 mm, 115.6000 mm): Pad A7 [D-_USB] of J1 on F.Cu
    @(149.8375 mm, 115.5500 mm): Pad 32 [D-_USB] of U1 on F.Cu
[unconnected_items]: Missing connection between items
    Local override; error
    @(161.2000 mm, 116.6000 mm): Pad B7 [D-_USB] of J1 on F.Cu
    @(161.2000 mm, 115.6000 mm): Pad A7 [D-_USB] of J1 on F.Cu
[unconnected_items]: Missing connection between items
    Local override; error
    @(161.2000 mm, 115.1000 mm): Pad B6 [D+_USB] of J1 on F.Cu
    @(149.8375 mm, 115.0500 mm): Pad 33 [D+_USB] of U1 on F.Cu
[unconnected_items]: Missing connection between items
    Local override; error
    @(161.2000 mm, 116.1000 mm): Pad A6 [D+_USB] of J1 on F.Cu
    @(161.2000 mm, 115.1000 mm): Pad B6 [D+_USB] of J1 on F.Cu

** Found 0 Footprint errors **

** Ignored checks **
    - Footprint has no courtyard defined
    - Track endpoint not centered on via
    - Tuning profile track geometries
    - Footprint doesn't match symbol's footprint filters
    - Footprint component type doesn't match footprint pads

** End of Report **
